[2025-09-02T10:38:50.440Z] SymbolSelection.js: Network response was not ok
[2025-09-02T10:38:54.708Z] SymbolSelection.js: Network response was not ok
[2025-09-02T10:38:57.325Z] SymbolSelection.js: Network response was not ok
[2025-09-02T10:38:58.684Z] SymbolSelection.js: Network response was not ok
[2025-09-02T10:38:59.366Z] SymbolSelection.js: Network response was not ok
[2025-09-02T10:49:09.497Z] fetchPaperOrders(): HTTP error! Status: 400
[2025-09-02T10:49:09.512Z] SubscStrategy.js: Failed to fetch data
[2025-09-02T11:11:48.273Z] fetchPaperOrders(): HTTP error! Status: 400
[2025-09-02T11:11:48.323Z] SubscStrategy.js: Failed to fetch data
[2025-09-02T12:01:47.847Z] SubscStrategy.js: Failed to fetch data
[2025-09-02T12:01:47.920Z] fetchPaperOrders(): HTTP error! Status: 400
[2025-09-02T12:08:43.669Z] SubscStrategy.js: Failed to fetch data
[2025-09-02T12:08:43.671Z] fetchPaperOrders(): HTTP error! Status: 400
[2025-09-03T04:45:24.115Z] fetchOrders(): HTTP error! Status: 403
[2025-09-03T04:45:24.127Z] fetchPaperOrders(): HTTP error! Status: 403
[2025-09-03T04:58:41.694Z] fetchPaperOrders(): HTTP error! Status: 400
[2025-09-03T04:58:42.066Z] SubscStrategy.js: Failed to fetch data
[2025-09-03T05:07:06.882Z] SubscStrategy.js: Failed to fetch data
[2025-09-03T05:07:06.891Z] fetchPaperOrders(): HTTP error! Status: 400
[2025-09-03T05:12:42.322Z] fetchPaperOrders(): HTTP error! Status: 400
[2025-09-03T05:12:42.496Z] SubscStrategy.js: Failed to fetch data
[2025-09-03T05:24:23.433Z] fetchPaperOrders(): HTTP error! Status: 400
[2025-09-03T05:24:23.449Z] SubscStrategy.js: Failed to fetch data
[2025-09-03T10:14:09.393Z] fetchPaperOrders(): HTTP error! Status: 400
[2025-09-03T10:14:09.406Z] SubscStrategy.js: Failed to fetch data
[2025-09-04T04:44:06.982Z] fetchOrders(): HTTP error! Status: 403
[2025-09-04T04:44:06.994Z] fetchPaperOrders(): HTTP error! Status: 403
[2025-09-04T04:45:01.319Z] fetchPaperOrders(): HTTP error! Status: 400
[2025-09-04T04:45:02.480Z] SubscStrategy.js: Failed to fetch data
[2025-09-30T06:34:43.985Z] fetchPaperOrders(): HTTP error! Status: 400
[2025-09-30T06:34:44.142Z] SubscStrategy.js: Failed to fetch data
[2025-09-30T06:44:43.745Z] fetchPaperOrders(): HTTP error! Status: 403
[2025-09-30T06:44:43.856Z] fetchOrders(): HTTP error! Status: 403
[2025-09-30T06:45:30.393Z] fetchOrders(): HTTP error! Status: 403
[2025-09-30T06:45:30.394Z] SubscStrategy.js: Failed to fetch data
[2025-09-30T06:45:30.397Z] fetchPaperOrders(): HTTP error! Status: 403
[2025-09-30T06:53:46.533Z] SubscStrategy.js: Failed to fetch data
[2025-09-30T06:53:46.530Z] fetchOrders(): HTTP error! Status: 403
[2025-09-30T06:53:46.543Z] fetchPaperOrders(): HTTP error! Status: 403
[2025-09-30T06:54:47.394Z] fetchOrders(): HTTP error! Status: 403
[2025-09-30T06:54:47.395Z] fetchPaperOrders(): HTTP error! Status: 403
[2025-09-30T06:54:47.396Z] SubscStrategy.js: Failed to fetch data
[2025-09-30T06:55:10.748Z] fetchOrders(): HTTP error! Status: 403
[2025-09-30T06:55:10.754Z] SubscStrategy.js: Failed to fetch data
[2025-09-30T06:55:10.762Z] fetchPaperOrders(): HTTP error! Status: 403
[2025-09-30T06:56:28.555Z] fetchOrders(): HTTP error! Status: 403
[2025-09-30T06:56:28.556Z] SubscStrategy.js: Failed to fetch data
[2025-09-30T06:56:28.558Z] fetchPaperOrders(): HTTP error! Status: 403
[2025-09-30T06:56:56.769Z] fetchOrders(): HTTP error! Status: 403
[2025-09-30T06:56:56.771Z] SubscStrategy.js: Failed to fetch data
[2025-09-30T06:56:56.859Z] fetchPaperOrders(): HTTP error! Status: 403
[2025-09-30T07:03:52.625Z] fetchPaperOrders(): HTTP error! Status: 403
[2025-09-30T07:03:52.624Z] SubscStrategy.js: Failed to fetch data
[2025-09-30T07:03:52.626Z] fetchOrders(): HTTP error! Status: 403
[2025-09-30T07:09:08.993Z] fetchOrders(): HTTP error! Status: 403
[2025-09-30T07:09:08.994Z] SubscStrategy.js: Failed to fetch data
[2025-09-30T07:09:08.998Z] fetchPaperOrders(): HTTP error! Status: 403
[2025-09-30T07:09:42.114Z] fetchOrders(): HTTP error! Status: 403
[2025-09-30T07:09:42.117Z] fetchPaperOrders(): HTTP error! Status: 403
[2025-09-30T07:09:48.054Z] fetchOrders(): HTTP error! Status: 403
[2025-09-30T07:09:48.057Z] fetchPaperOrders(): HTTP error! Status: 403
[2025-09-30T07:09:56.073Z] fetchOrders(): HTTP error! Status: 403
[2025-09-30T07:09:56.077Z] SubscStrategy.js: Failed to fetch data
[2025-09-30T07:09:56.075Z] fetchPaperOrders(): HTTP error! Status: 403
[2025-09-30T07:11:23.823Z] fetchOrders(): HTTP error! Status: 403
[2025-09-30T07:11:23.849Z] SubscStrategy.js: Failed to fetch data
[2025-09-30T07:11:23.859Z] fetchPaperOrders(): HTTP error! Status: 403
[2025-09-30T07:14:44.720Z] fetchOrders(): HTTP error! Status: 403
[2025-09-30T07:14:44.722Z] SubscStrategy.js: Failed to fetch data
[2025-09-30T07:14:44.733Z] fetchPaperOrders(): HTTP error! Status: 403
[2025-09-30T07:15:55.493Z] fetchOrders(): HTTP error! Status: 403
[2025-09-30T07:15:55.497Z] fetchPaperOrders(): HTTP error! Status: 403
[2025-09-30T07:16:27.138Z] fetchOrders(): HTTP error! Status: 403
[2025-09-30T07:16:27.141Z] fetchPaperOrders(): HTTP error! Status: 403
[2025-09-30T07:16:47.086Z] fetchOrders(): HTTP error! Status: 403
[2025-09-30T07:16:47.087Z] fetchPaperOrders(): HTTP error! Status: 403
[2025-09-30T07:17:17.548Z] fetchOrders(): HTTP error! Status: 403
[2025-09-30T07:17:17.551Z] fetchPaperOrders(): HTTP error! Status: 403
[2025-09-30T07:55:05.521Z] fetchOrders(): HTTP error! Status: 403
[2025-09-30T07:55:05.542Z] fetchPaperOrders(): HTTP error! Status: 403
[2025-09-30T08:02:34.064Z] fetchPaperOrders(): HTTP error! Status: 400
[2025-09-30T08:02:34.390Z] SubscStrategy.js: Failed to fetch data
[2025-09-30T08:02:41.176Z] fetchCompleteStrategies SuggestStrategy.js: Failed to fetch data
[2025-09-30T08:06:33.419Z] fetchOrders(): HTTP error! Status: 403
[2025-09-30T08:06:33.433Z] fetchPaperOrders(): HTTP error! Status: 403
